17:24:51 [INFO] main: Running backtest on BTC/USDT (15m)
17:24:51 [ERROR] core.data_fetcher: Candles unavailable for BTC/USDT 15m on both spot and futures
17:24:51 [ERROR] main: Could not fetch data for backtest
17:25:14 [INFO] main: Running backtest on PENGUUSDT (15m)
17:25:16 [INFO] strategies.confluence_engine: [PENGUUSDT] hype OK — vol=0.90x oi_Δ=+0.00% fund=-0.009% bias=neutral
17:25:16 [INFO] strategies.confluence_engine: [PENGUUSDT] hype OK — vol=2.39x oi_Δ=+0.00% fund=-0.009% bias=neutral
17:27:18 [INFO] main: Initializing bot in PAPER mode
17:27:18 [INFO] main: Bot started. Press Ctrl+C to stop.
17:27:18 [INFO] main: Scanning 12 pairs for signals...
17:28:23 [INFO] main: Scanning 12 pairs for signals...
17:29:25 [INFO] main: Scanning 12 pairs for signals...
17:30:31 [INFO] main: Scanning 12 pairs for signals...
17:30:44 [INFO] main: Shutting down bot...
17:30:44 [INFO] main: Final stats: {'balance': 1000.0, 'peak_balance': 1000.0, 'total_trades': 0, 'win_rate': 0, 'avg_win': 0, 'avg_loss': 0, 'daily_pnl': 0.0, 'drawdown_pct': 0.0, 'consecutive_losses': 0, 'open_positions': 0, 'trading_halted': False, 'halt_reason': ''}
17:31:10 [INFO] main: Initializing bot in PAPER mode
17:31:10 [INFO] main: Bot started. Press Ctrl+C to stop.
17:31:10 [INFO] main: Scanning 12 pairs for signals...
17:32:15 [INFO] main: Scanning 12 pairs for signals...
17:32:46 [INFO] main: Shutting down bot...
17:32:46 [INFO] main: Final stats: {'balance': 10000.0, 'peak_balance': 10000.0, 'total_trades': 0, 'win_rate': 0, 'avg_win': 0, 'avg_loss': 0, 'daily_pnl': 0.0, 'drawdown_pct': 0.0, 'consecutive_losses': 0, 'open_positions': 0, 'trading_halted': False, 'halt_reason': ''}
